<?xml version="1.0" encoding="UTF-8"?>
<TestRun id="004dec29-68e7-4c64-837b-0419bd3843e4" name="Pitsanu.T@PC-014 2013-04-11 15:34:46" runUser="CARPASSAD\Pitsanu.T" xmlns="http://microsoft.com/schemas/VisualStudio/TeamTest/2010">
  <TestSettings name="Local" id="e6779ef9-9e2a-4e1d-ad31-cb7b88621448">
    <Description>These are default test settings for a local test run.</Description>
    <Deployment enabled="false" runDeploymentRoot="Pitsanu.T_PC-014 2013-04-11 15_34_46" />
    <Execution>
      <TestTypeSpecific />
      <AgentRule name="Execution Agents">
      </AgentRule>
    </Execution>
  </TestSettings>
  <Times creation="2013-04-11T15:34:46.8623269+07:00" queuing="2013-04-11T15:34:47.0038456+07:00" start="2013-04-11T15:34:47.0038456+07:00" finish="2013-04-11T15:34:47.3497802+07:00" />
  <ResultSummary outcome="Completed">
    <Counters total="3" executed="3" passed="3" error="0" failed="0" timeout="0" aborted="0" inconclusive="0" passedButRunAborted="0" notRunnable="0" notExecuted="0" disconnected="0" warning="0" completed="0" inProgress="0" pending="0" />
  </ResultSummary>
  <TestDefinitions>
    <UnitTest name="TestUnSignValue" storage="d:\practices\lab_csharp\languagetest\languagetest\bin\debug\languagetest.dll" id="63021a4d-dfa6-240f-50c5-7497253a5dc5">
      <Execution id="d9b1fe33-b9d7-4a57-8a2e-9375a209d5d9" />
      <TestMethod codeBase="D:/practices/Lab_CSharp/LanguageTest/LanguageTest/bin/Debug/LanguageTest.DLL" adapterTypeName="Microsoft.VisualStudio.TestTools.TestTypes.Unit.UnitTestAdapter, Microsoft.VisualStudio.QualityTools.Tips.UnitTest.Adapter, Version=10.0.0.0, Culture=neutral, PublicKeyToken=b03f5f7f11d50a3a" className="LanguageTest.UnitTest1, LanguageTest, Version=1.0.0.0, Culture=neutral, PublicKeyToken=null" name="TestUnSignValue" />
    </UnitTest>
    <UnitTest name="TestSignValue" storage="d:\practices\lab_csharp\languagetest\languagetest\bin\debug\languagetest.dll" id="95dbb81b-e85e-9e0e-16be-c808efbc3c61">
      <Execution id="741f5596-4a76-4b9e-9499-57397e02598b" />
      <TestMethod codeBase="D:/practices/Lab_CSharp/LanguageTest/LanguageTest/bin/Debug/LanguageTest.DLL" adapterTypeName="Microsoft.VisualStudio.TestTools.TestTypes.Unit.UnitTestAdapter, Microsoft.VisualStudio.QualityTools.Tips.UnitTest.Adapter, Version=10.0.0.0, Culture=neutral, PublicKeyToken=b03f5f7f11d50a3a" className="LanguageTest.UnitTest1, LanguageTest, Version=1.0.0.0, Culture=neutral, PublicKeyToken=null" name="TestSignValue" />
    </UnitTest>
    <UnitTest name="TestMethod1" storage="d:\practices\lab_csharp\languagetest\languagetest\bin\debug\languagetest.dll" id="9cdda0ec-e3a5-9ee8-d80a-63dd94efc08c">
      <Execution id="77df707c-41a1-432d-bf35-f2f9309a9b48" />
      <TestMethod codeBase="D:/practices/Lab_CSharp/LanguageTest/LanguageTest/bin/Debug/LanguageTest.DLL" adapterTypeName="Microsoft.VisualStudio.TestTools.TestTypes.Unit.UnitTestAdapter, Microsoft.VisualStudio.QualityTools.Tips.UnitTest.Adapter, Version=10.0.0.0, Culture=neutral, PublicKeyToken=b03f5f7f11d50a3a" className="LanguageTest.UnitTest1, LanguageTest, Version=1.0.0.0, Culture=neutral, PublicKeyToken=null" name="TestMethod1" />
    </UnitTest>
  </TestDefinitions>
  <TestLists>
    <TestList name="Results Not in a List" id="8c84fa94-04c1-424b-9868-57a2d4851a1d" />
    <TestList name="All Loaded Results" id="19431567-8539-422a-85d7-44ee4e166bda" />
  </TestLists>
  <TestEntries>
    <TestEntry testId="63021a4d-dfa6-240f-50c5-7497253a5dc5" executionId="d9b1fe33-b9d7-4a57-8a2e-9375a209d5d9" testListId="8c84fa94-04c1-424b-9868-57a2d4851a1d" />
    <TestEntry testId="95dbb81b-e85e-9e0e-16be-c808efbc3c61" executionId="741f5596-4a76-4b9e-9499-57397e02598b" testListId="8c84fa94-04c1-424b-9868-57a2d4851a1d" />
    <TestEntry testId="9cdda0ec-e3a5-9ee8-d80a-63dd94efc08c" executionId="77df707c-41a1-432d-bf35-f2f9309a9b48" testListId="8c84fa94-04c1-424b-9868-57a2d4851a1d" />
  </TestEntries>
  <Results>
    <UnitTestResult executionId="d9b1fe33-b9d7-4a57-8a2e-9375a209d5d9" testId="63021a4d-dfa6-240f-50c5-7497253a5dc5" testName="TestUnSignValue" computerName="PC-014" duration="00:00:00.0142241" startTime="2013-04-11T15:34:47.0038456+07:00" endTime="2013-04-11T15:34:47.3026073+07:00" testType="13cdc9d9-ddb5-4fa4-a97d-d965ccfc6d4b" outcome="Passed" testListId="8c84fa94-04c1-424b-9868-57a2d4851a1d" relativeResultsDirectory="d9b1fe33-b9d7-4a57-8a2e-9375a209d5d9">
      <Output>
        <StdOut>16777215</StdOut>
      </Output>
    </UnitTestResult>
    <UnitTestResult executionId="741f5596-4a76-4b9e-9499-57397e02598b" testId="95dbb81b-e85e-9e0e-16be-c808efbc3c61" testName="TestSignValue" computerName="PC-014" duration="00:00:00.0045411" startTime="2013-04-11T15:34:47.3026073+07:00" endTime="2013-04-11T15:34:47.3183316+07:00" testType="13cdc9d9-ddb5-4fa4-a97d-d965ccfc6d4b" outcome="Passed" testListId="8c84fa94-04c1-424b-9868-57a2d4851a1d" relativeResultsDirectory="741f5596-4a76-4b9e-9499-57397e02598b">
      <Output>
        <StdOut>16777215</StdOut>
      </Output>
    </UnitTestResult>
    <UnitTestResult executionId="77df707c-41a1-432d-bf35-f2f9309a9b48" testId="9cdda0ec-e3a5-9ee8-d80a-63dd94efc08c" testName="TestMethod1" computerName="PC-014" duration="00:00:00.0006537" startTime="2013-04-11T15:34:47.3183316+07:00" endTime="2013-04-11T15:34:47.3340559+07:00" testType="13cdc9d9-ddb5-4fa4-a97d-d965ccfc6d4b" outcome="Passed" testListId="8c84fa94-04c1-424b-9868-57a2d4851a1d" relativeResultsDirectory="77df707c-41a1-432d-bf35-f2f9309a9b48">
    </UnitTestResult>
  </Results>
</TestRun>